Norm of input parameter StdDev: 4.0987803063838184e+00
Member 0: 
Valid time:2010-01-01T18:00:00Z
Quench geometry grid:
- name: L40x21
- size: 840
Partitioner:
- type: equal_regions
Function space:
- type: StructuredColumns
- halo: 1
Groups: 
- Group 0:
  Vertical levels: 
  - number: 2
  - vert_coord: [1.0000000000000000e+00,2.0000000000000000e+00]
  Mask size: 100%
Fields:
  air_temperature: 4.5111869490627603e+00
Member 1: 
Valid time:2010-01-01T18:00:00Z
Quench geometry grid:
- name: L40x21
- size: 840
Partitioner:
- type: equal_regions
Function space:
- type: StructuredColumns
- halo: 1
Groups: 
- Group 0:
  Vertical levels: 
  - number: 2
  - vert_coord: [1.0000000000000000e+00,2.0000000000000000e+00]
  Mask size: 100%
Fields:
  air_temperature: 4.0654954073604257e+00
Member 2: 
Valid time:2010-01-01T18:00:00Z
Quench geometry grid:
- name: L40x21
- size: 840
Partitioner:
- type: equal_regions
Function space:
- type: StructuredColumns
- halo: 1
Groups: 
- Group 0:
  Vertical levels: 
  - number: 2
  - vert_coord: [1.0000000000000000e+00,2.0000000000000000e+00]
  Mask size: 100%
Fields:
  air_temperature: 3.8761375760841705e+00
Member 3: 
Valid time:2010-01-01T18:00:00Z
Quench geometry grid:
- name: L40x21
- size: 840
Partitioner:
- type: equal_regions
Function space:
- type: StructuredColumns
- halo: 1
Groups: 
- Group 0:
  Vertical levels: 
  - number: 2
  - vert_coord: [1.0000000000000000e+00,2.0000000000000000e+00]
  Mask size: 100%
Fields:
  air_temperature: 3.8005120518124671e+00
Member 4: 
Valid time:2010-01-01T18:00:00Z
Quench geometry grid:
- name: L40x21
- size: 840
Partitioner:
- type: equal_regions
Function space:
- type: StructuredColumns
- halo: 1
Groups: 
- Group 0:
  Vertical levels: 
  - number: 2
  - vert_coord: [1.0000000000000000e+00,2.0000000000000000e+00]
  Mask size: 100%
Fields:
  air_temperature: 4.1089001582210987e+00
Member 5: 
Valid time:2010-01-01T18:00:00Z
Quench geometry grid:
- name: L40x21
- size: 840
Partitioner:
- type: equal_regions
Function space:
- type: StructuredColumns
- halo: 1
Groups: 
- Group 0:
  Vertical levels: 
  - number: 2
  - vert_coord: [1.0000000000000000e+00,2.0000000000000000e+00]
  Mask size: 100%
Fields:
  air_temperature: 4.3008859546874421e+00
Member 6: 
Valid time:2010-01-01T18:00:00Z
Quench geometry grid:
- name: L40x21
- size: 840
Partitioner:
- type: equal_regions
Function space:
- type: StructuredColumns
- halo: 1
Groups: 
- Group 0:
  Vertical levels: 
  - number: 2
  - vert_coord: [1.0000000000000000e+00,2.0000000000000000e+00]
  Mask size: 100%
Fields:
  air_temperature: 4.2557731071507927e+00
Member 7: 
Valid time:2010-01-01T18:00:00Z
Quench geometry grid:
- name: L40x21
- size: 840
Partitioner:
- type: equal_regions
Function space:
- type: StructuredColumns
- halo: 1
Groups: 
- Group 0:
  Vertical levels: 
  - number: 2
  - vert_coord: [1.0000000000000000e+00,2.0000000000000000e+00]
  Mask size: 100%
Fields:
  air_temperature: 3.9150459189324960e+00
Member 8: 
Valid time:2010-01-01T18:00:00Z
Quench geometry grid:
- name: L40x21
- size: 840
Partitioner:
- type: equal_regions
Function space:
- type: StructuredColumns
- halo: 1
Groups: 
- Group 0:
  Vertical levels: 
  - number: 2
  - vert_coord: [1.0000000000000000e+00,2.0000000000000000e+00]
  Mask size: 100%
Fields:
  air_temperature: 4.1299056824435390e+00
Member 9: 
Valid time:2010-01-01T18:00:00Z
Quench geometry grid:
- name: L40x21
- size: 840
Partitioner:
- type: equal_regions
Function space:
- type: StructuredColumns
- halo: 1
Groups: 
- Group 0:
  Vertical levels: 
  - number: 2
  - vert_coord: [1.0000000000000000e+00,2.0000000000000000e+00]
  Mask size: 100%
Fields:
  air_temperature: 3.6993803000429311e+00
