CostJb   : Nonlinear Jb = 0.0000000000000000e+00
CostJo   : Nonlinear Jo(temperature) = 1.5706406591574382e+01, nobs = 15, Jo/n = 1.0470937727716254e+00, err = 1.0000000149011612e-01
CostFunction: Nonlinear J = 1.5706406591574382e+01
DRIPCGMinimizer: reduction in residual norm = nan
CostFunction::addIncrement: Analysis: 
Valid time:2010-01-01T06:00:00Z
Quench geometry grid:
- name: structured
- size: 3763
Regional grid detected
Partitioner:
- type: checkerboard
Function space:
- type: StructuredColumns
- halo: 1
Groups: 
- Group 0:
  Vertical levels: 
  - number: 2
  - vert_coord: [1.0000000000000000e+00,2.0000000000000000e+00]
  Mask size: 100%
Fields:
  temperature: -nan
Valid time:2010-01-01T12:00:00Z
Quench geometry grid:
- name: structured
- size: 3763
Regional grid detected
Partitioner:
- type: checkerboard
Function space:
- type: StructuredColumns
- halo: 1
Groups: 
- Group 0:
  Vertical levels: 
  - number: 2
  - vert_coord: [1.0000000000000000e+00,2.0000000000000000e+00]
  Mask size: 100%
Fields:
  temperature: -nan
Valid time:2010-01-01T18:00:00Z
Quench geometry grid:
- name: structured
- size: 3763
Regional grid detected
Partitioner:
- type: checkerboard
Function space:
- type: StructuredColumns
- halo: 1
Groups: 
- Group 0:
  Vertical levels: 
  - number: 2
  - vert_coord: [1.0000000000000000e+00,2.0000000000000000e+00]
  Mask size: 100%
Fields:
  temperature: -nan
CostJb   : Nonlinear Jb = -nan
CostJo   : Nonlinear Jo(temperature) = -nan, nobs = 15, Jo/n = -nan, err = 1.0000000149011612e-01
CostFunction: Nonlinear J = -nan
