CostJo   : Nonlinear Jo = 331188, nobs = 100, Jo/n = 3311.88, err = 0.01
Norm of input parameter StdDev: 50.1996
CostJb   : Nonlinear Jb = 0
CostFunction: Nonlinear J = 331188
CostJo   : Nonlinear Jo = 705429, nobs = 100, Jo/n = 7054.29, err = 0.01
CostJo   : Nonlinear Jo = 1.16479e+06, nobs = 100, Jo/n = 11647.9, err = 0.01
CostJo   : Nonlinear Jo = 715122, nobs = 100, Jo/n = 7151.22, err = 0.01
CostJo   : Nonlinear Jo = 527224, nobs = 100, Jo/n = 5272.24, err = 0.01
CostJo   : Nonlinear Jo = 521134, nobs = 100, Jo/n = 5211.34, err = 0.01
CostJo   : Nonlinear Jo = 754802, nobs = 100, Jo/n = 7548.02, err = 0.01
CostJo   : Nonlinear Jo = 676810, nobs = 100, Jo/n = 6768.1, err = 0.01
CostJo   : Nonlinear Jo = 533034, nobs = 100, Jo/n = 5330.34, err = 0.01
CostJo   : Nonlinear Jo = 552725, nobs = 100, Jo/n = 5527.25, err = 0.01
CostJo   : Nonlinear Jo = 860891, nobs = 100, Jo/n = 8608.91, err = 0.01
CostJo   : Nonlinear Jo = 1.17093e+06, nobs = 100, Jo/n = 11709.3, err = 0.01
CostJo   : Nonlinear Jo = 532985, nobs = 100, Jo/n = 5329.85, err = 0.01
CostJo   : Nonlinear Jo = 418443, nobs = 100, Jo/n = 4184.43, err = 0.01
CostJo   : Nonlinear Jo = 656336, nobs = 100, Jo/n = 6563.36, err = 0.01
CostJo   : Nonlinear Jo = 951974, nobs = 100, Jo/n = 9519.74, err = 0.01
CostJo   : Nonlinear Jo = 759620, nobs = 100, Jo/n = 7596.2, err = 0.01
CostJo   : Nonlinear Jo = 993526, nobs = 100, Jo/n = 9935.26, err = 0.01
CostJo   : Nonlinear Jo = 576558, nobs = 100, Jo/n = 5765.58, err = 0.01
CostJo   : Nonlinear Jo = 764188, nobs = 100, Jo/n = 7641.88, err = 0.01
CostJo   : Nonlinear Jo = 770795, nobs = 100, Jo/n = 7707.95, err = 0.01
CostJo   : Nonlinear Jo = 731524, nobs = 100, Jo/n = 7315.24, err = 0.01
CostJo   : Nonlinear Jo = 939240, nobs = 100, Jo/n = 9392.4, err = 0.01
CostJo   : Nonlinear Jo = 818882, nobs = 100, Jo/n = 8188.82, err = 0.01
CostJo   : Nonlinear Jo = 602631, nobs = 100, Jo/n = 6026.31, err = 0.01
CostJo   : Nonlinear Jo = 583240, nobs = 100, Jo/n = 5832.4, err = 0.01
CostJo   : Nonlinear Jo = 796295, nobs = 100, Jo/n = 7962.95, err = 0.01
CostJo   : Nonlinear Jo = 430272, nobs = 100, Jo/n = 4302.72, err = 0.01
CostJo   : Nonlinear Jo = 676970, nobs = 100, Jo/n = 6769.7, err = 0.01
CostJo   : Nonlinear Jo = 1.0813e+06, nobs = 100, Jo/n = 10813, err = 0.01
CostJo   : Nonlinear Jo = 1.03143e+06, nobs = 100, Jo/n = 10314.3, err = 0.01
CostJo   : Nonlinear Jo = 544578, nobs = 100, Jo/n = 5445.78, err = 0.01
CostJo   : Nonlinear Jo = 742251, nobs = 100, Jo/n = 7422.51, err = 0.01
CostJo   : Nonlinear Jo = 580894, nobs = 100, Jo/n = 5808.94, err = 0.01
CostJo   : Nonlinear Jo = 797789, nobs = 100, Jo/n = 7977.89, err = 0.01
CostJo   : Nonlinear Jo = 885895, nobs = 100, Jo/n = 8858.95, err = 0.01
CostJo   : Nonlinear Jo = 1.14134e+06, nobs = 100, Jo/n = 11413.4, err = 0.01
CostJo   : Nonlinear Jo = 695169, nobs = 100, Jo/n = 6951.69, err = 0.01
CostJo   : Nonlinear Jo = 576146, nobs = 100, Jo/n = 5761.46, err = 0.01
CostJo   : Nonlinear Jo = 410793, nobs = 100, Jo/n = 4107.93, err = 0.01
CostJo   : Nonlinear Jo = 640835, nobs = 100, Jo/n = 6408.35, err = 0.01
CostJo   : Nonlinear Jo = 1.18073e+06, nobs = 100, Jo/n = 11807.3, err = 0.01
CostJo   : Nonlinear Jo = 669864, nobs = 100, Jo/n = 6698.64, err = 0.01
CostJo   : Nonlinear Jo = 1.2249e+06, nobs = 100, Jo/n = 12249, err = 0.01
CostJo   : Nonlinear Jo = 432165, nobs = 100, Jo/n = 4321.65, err = 0.01
CostJo   : Nonlinear Jo = 680542, nobs = 100, Jo/n = 6805.42, err = 0.01
CostJo   : Nonlinear Jo = 529606, nobs = 100, Jo/n = 5296.06, err = 0.01
CostJo   : Nonlinear Jo = 680729, nobs = 100, Jo/n = 6807.29, err = 0.01
CostJo   : Nonlinear Jo = 765373, nobs = 100, Jo/n = 7653.73, err = 0.01
CostJo   : Nonlinear Jo = 1.52085e+06, nobs = 100, Jo/n = 15208.5, err = 0.01
CostJo   : Nonlinear Jo = 736690, nobs = 100, Jo/n = 7366.9, err = 0.01
Variance in observation space norm: 8.54335
