CostJo   : Nonlinear Jo = 331188, nobs = 100, Jo/n = 3311.88, err = 0.01
CostJb   : Nonlinear Jb = 0
CostFunction: Nonlinear J = 331188
Update with Ritz pair #0: variance is 66.33386% of the initial variance
Update with Ritz pair #1: variance is 63.33934% of the initial variance
Update with Ritz pair #2: variance is 62.19810% of the initial variance
Update with Ritz pair #3: variance is 60.94119% of the initial variance
Update with Ritz pair #4: variance is 60.69335% of the initial variance
Update with Ritz pair #5: variance is 57.17960% of the initial variance
Update with Ritz pair #6: variance is 55.74565% of the initial variance
Update with Ritz pair #7: variance is 53.17610% of the initial variance
Update with Ritz pair #8: variance is 52.45240% of the initial variance
Update with Ritz pair #9: variance is 51.73232% of the initial variance
Update with Ritz pair #10: variance is 50.81350% of the initial variance
Update with Ritz pair #11: variance is 50.37941% of the initial variance
Update with Ritz pair #12: variance is 49.83601% of the initial variance
Update with Ritz pair #13: variance is 47.17690% of the initial variance
Update with Ritz pair #14: variance is 46.54203% of the initial variance
Update with Ritz pair #15: variance is 45.21011% of the initial variance
Update with Ritz pair #16: variance is 44.61169% of the initial variance
