CostJo   : Nonlinear Jo = 8.6505697755519694e+04, nobs = 30, Jo/n = 2.8835232585173230e+03, err = 9.9999997764825821e-03
CostJb   : Nonlinear Jb = 0.0000000000000000e+00
CostFunction: Nonlinear J = 8.6505697755519694e+04
Update with Ritz pair #0: variance is 79.44957% of the initial variance
Update with Ritz pair #1: variance is 78.54248% of the initial variance
Update with Ritz pair #2: variance is 77.27355% of the initial variance
Update with Ritz pair #3: variance is 69.10183% of the initial variance
Update with Ritz pair #4: variance is 68.62062% of the initial variance
Update with Ritz pair #5: variance is 63.75634% of the initial variance
Update with Ritz pair #6: variance is 62.88629% of the initial variance
Update with Ritz pair #7: variance is 62.32029% of the initial variance
Update with Ritz pair #8: variance is 62.19615% of the initial variance
Update with Ritz pair #9: variance is 61.88261% of the initial variance
Update with Ritz pair #10: variance is 60.50224% of the initial variance
Update with Ritz pair #11: variance is 60.25294% of the initial variance
Update with Ritz pair #12: variance is 59.75928% of the initial variance
Update with Ritz pair #13: variance is 59.37142% of the initial variance
Update with Ritz pair #14: variance is 59.04793% of the initial variance
Update with Ritz pair #15: variance is 58.77398% of the initial variance
Update with Ritz pair #16: variance is 58.54841% of the initial variance
