CostJo   : Nonlinear Jo = 331188, nobs = 100, Jo/n = 3311.88, err = 0.01
CostJb   : Nonlinear Jb = 0
CostFunction: Nonlinear J = 331188
Accept Ritz pair #1
Accept Ritz pair #2
Accept Ritz pair #3
Accept Ritz pair #4
Accept Ritz pair #5
Accept Ritz pair #6
Accept Ritz pair #7
Accept Ritz pair #8
Accept Ritz pair #9
Accept Ritz pair #10
Accept Ritz pair #11
Accept Ritz pair #12
Accept Ritz pair #13
Accept Ritz pair #14
Accept Ritz pair #15
Accept Ritz pair #16
Accept Ritz pair #17
Dismiss Ritz pair #18
Dismiss Ritz pair #19
Dismiss Ritz pair #20
Dismiss Ritz pair #21
Dismiss Ritz pair #22
Dismiss Ritz pair #23
Dismiss Ritz pair #24
Dismiss Ritz pair #25
Dismiss Ritz pair #26
Dismiss Ritz pair #27
Accept Ritz pair #28
Accept Ritz pair #29
Accept Ritz pair #30
RPLanczosEVILMinimizer: reduction in residual norm = 0.000816784
CostFunction::addIncrement: Analysis norm: 53.8593
CostJo   : Nonlinear Jo = 9.31374, nobs = 100, Jo/n = 0.0931374, err = 0.01
