CostJo   : Nonlinear Jo = 8.6505697755519694e+04, nobs = 30, Jo/n = 2.8835232585173230e+03, err = 9.9999997764825821e-03
CostJb   : Nonlinear Jb = 0.0000000000000000e+00
CostFunction: Nonlinear J = 8.6505697755519694e+04
Update with Ritz pair #0: variance is 89.98629% of the initial variance
Update with Ritz pair #1: variance is 87.45231% of the initial variance
Update with Ritz pair #2: variance is 84.60955% of the initial variance
Update with Ritz pair #3: variance is 80.64919% of the initial variance
Update with Ritz pair #4: variance is 79.05017% of the initial variance
Update with Ritz pair #5: variance is 76.02938% of the initial variance
Update with Ritz pair #6: variance is 74.74855% of the initial variance
Update with Ritz pair #7: variance is 73.85858% of the initial variance
Update with Ritz pair #8: variance is 72.42129% of the initial variance
Update with Ritz pair #9: variance is 70.52321% of the initial variance
Update with Ritz pair #10: variance is 69.18917% of the initial variance
Update with Ritz pair #11: variance is 68.20485% of the initial variance
Update with Ritz pair #12: variance is 67.82033% of the initial variance
Update with Ritz pair #13: variance is 67.21027% of the initial variance
Update with Ritz pair #14: variance is 66.32522% of the initial variance
Update with Ritz pair #15: variance is 65.61019% of the initial variance
Update with Ritz pair #16: variance is 65.28660% of the initial variance
