CostJo   : Nonlinear Jo = 331188, nobs = 100, Jo/n = 3311.88, err = 0.01
CostJb   : Nonlinear Jb = 0
CostFunction: Nonlinear J = 331188
Update with Ritz pair #0: variance is 90.62427% of the initial variance
Update with Ritz pair #1: variance is 85.96286% of the initial variance
Update with Ritz pair #2: variance is 82.38600% of the initial variance
Update with Ritz pair #3: variance is 80.50121% of the initial variance
Update with Ritz pair #4: variance is 78.66468% of the initial variance
Update with Ritz pair #5: variance is 75.93111% of the initial variance
Update with Ritz pair #6: variance is 72.08750% of the initial variance
Update with Ritz pair #7: variance is 70.20644% of the initial variance
Update with Ritz pair #8: variance is 68.59529% of the initial variance
Update with Ritz pair #9: variance is 66.86154% of the initial variance
Update with Ritz pair #10: variance is 65.21459% of the initial variance
Update with Ritz pair #11: variance is 62.98216% of the initial variance
Update with Ritz pair #12: variance is 61.65385% of the initial variance
Update with Ritz pair #13: variance is 60.17796% of the initial variance
Update with Ritz pair #14: variance is 58.19416% of the initial variance
Update with Ritz pair #15: variance is 56.06326% of the initial variance
Update with Ritz pair #16: variance is 54.81635% of the initial variance
