CostJo   : Nonlinear Jo = 8.6505697755519694e+04, nobs = 30, Jo/n = 2.8835232585173230e+03, err = 9.9999997764825821e-03
CostJb   : Nonlinear Jb = 0.0000000000000000e+00
CostFunction: Nonlinear J = 8.6505697755519694e+04
Update with Ritz pair #0: variance is 79.46413% of the initial variance
Update with Ritz pair #1: variance is 78.53994% of the initial variance
Update with Ritz pair #2: variance is 77.26694% of the initial variance
Update with Ritz pair #3: variance is 69.08614% of the initial variance
Update with Ritz pair #4: variance is 68.59709% of the initial variance
Update with Ritz pair #5: variance is 63.71377% of the initial variance
Update with Ritz pair #6: variance is 62.83773% of the initial variance
Update with Ritz pair #7: variance is 62.27102% of the initial variance
Update with Ritz pair #8: variance is 62.14070% of the initial variance
Update with Ritz pair #9: variance is 61.81357% of the initial variance
Update with Ritz pair #10: variance is 60.42763% of the initial variance
Update with Ritz pair #11: variance is 60.18259% of the initial variance
Update with Ritz pair #12: variance is 59.68401% of the initial variance
Update with Ritz pair #13: variance is 59.29653% of the initial variance
Update with Ritz pair #14: variance is 58.95846% of the initial variance
Update with Ritz pair #15: variance is 58.69139% of the initial variance
Update with Ritz pair #16: variance is 58.48084% of the initial variance
