CostJo   : Nonlinear Jo = 8.6505697755519694e+04, nobs = 30, Jo/n = 2.8835232585173230e+03, err = 9.9999997764825821e-03
CostJb   : Nonlinear Jb = 0.0000000000000000e+00
CostFunction: Nonlinear J = 8.6505697755519694e+04
Update with Ritz pair #0: variance is 90.00025% of the initial variance
Update with Ritz pair #1: variance is 87.46301% of the initial variance
Update with Ritz pair #2: variance is 84.63009% of the initial variance
Update with Ritz pair #3: variance is 80.67121% of the initial variance
Update with Ritz pair #4: variance is 79.08047% of the initial variance
Update with Ritz pair #5: variance is 76.06602% of the initial variance
Update with Ritz pair #6: variance is 74.78728% of the initial variance
Update with Ritz pair #7: variance is 73.89792% of the initial variance
Update with Ritz pair #8: variance is 72.45881% of the initial variance
Update with Ritz pair #9: variance is 70.56000% of the initial variance
Update with Ritz pair #10: variance is 69.23381% of the initial variance
Update with Ritz pair #11: variance is 68.24286% of the initial variance
Update with Ritz pair #12: variance is 67.86813% of the initial variance
Update with Ritz pair #13: variance is 67.25827% of the initial variance
Update with Ritz pair #14: variance is 66.37243% of the initial variance
Update with Ritz pair #15: variance is 65.65091% of the initial variance
Update with Ritz pair #16: variance is 65.32983% of the initial variance
