CostJo   : Nonlinear Jo = 331188, nobs = 100, Jo/n = 3311.88, err = 0.01
CostJb   : Nonlinear Jb = 0
CostFunction: Nonlinear J = 331188
Update with Ritz pair #0: variance is 90.60901% of the initial variance
Update with Ritz pair #1: variance is 85.96781% of the initial variance
Update with Ritz pair #2: variance is 82.38725% of the initial variance
Update with Ritz pair #3: variance is 80.50721% of the initial variance
Update with Ritz pair #4: variance is 78.67138% of the initial variance
Update with Ritz pair #5: variance is 75.94656% of the initial variance
Update with Ritz pair #6: variance is 72.11685% of the initial variance
Update with Ritz pair #7: variance is 70.24212% of the initial variance
Update with Ritz pair #8: variance is 68.64056% of the initial variance
Update with Ritz pair #9: variance is 66.90713% of the initial variance
Update with Ritz pair #10: variance is 65.26779% of the initial variance
Update with Ritz pair #11: variance is 63.04375% of the initial variance
Update with Ritz pair #12: variance is 61.71612% of the initial variance
Update with Ritz pair #13: variance is 60.24026% of the initial variance
Update with Ritz pair #14: variance is 58.25423% of the initial variance
Update with Ritz pair #15: variance is 56.12859% of the initial variance
Update with Ritz pair #16: variance is 54.83138% of the initial variance
