CostJo   : Nonlinear Jo = 8.6505697755519694e+04, nobs = 30, Jo/n = 2.8835232585173230e+03, err = 9.9999997764825821e-03
CostJb   : Nonlinear Jb = 0.0000000000000000e+00
CostFunction: Nonlinear J = 8.6505697755519694e+04
Update with Ritz pair #0: variance is 89.99476% of the initial variance
Update with Ritz pair #1: variance is 87.45276% of the initial variance
Update with Ritz pair #2: variance is 84.61859% of the initial variance
Update with Ritz pair #3: variance is 80.65636% of the initial variance
Update with Ritz pair #4: variance is 79.06343% of the initial variance
Update with Ritz pair #5: variance is 76.04011% of the initial variance
Update with Ritz pair #6: variance is 74.75953% of the initial variance
Update with Ritz pair #7: variance is 73.86651% of the initial variance
Update with Ritz pair #8: variance is 72.42082% of the initial variance
Update with Ritz pair #9: variance is 70.51660% of the initial variance
Update with Ritz pair #10: variance is 69.18545% of the initial variance
Update with Ritz pair #11: variance is 68.18948% of the initial variance
Update with Ritz pair #12: variance is 67.81794% of the initial variance
Update with Ritz pair #13: variance is 67.20103% of the initial variance
Update with Ritz pair #14: variance is 66.32327% of the initial variance
Update with Ritz pair #15: variance is 65.57674% of the initial variance
Update with Ritz pair #16: variance is 65.25497% of the initial variance
