CostJo   : Nonlinear Jo = 331188, nobs = 100, Jo/n = 3311.88, err = 0.01
CostJb   : Nonlinear Jb = 0
CostFunction: Nonlinear J = 331188
Update with Ritz pair #0: variance is 90.62556% of the initial variance
Update with Ritz pair #1: variance is 85.96607% of the initial variance
Update with Ritz pair #2: variance is 82.39281% of the initial variance
Update with Ritz pair #3: variance is 80.51266% of the initial variance
Update with Ritz pair #4: variance is 78.68065% of the initial variance
Update with Ritz pair #5: variance is 75.94910% of the initial variance
Update with Ritz pair #6: variance is 72.11357% of the initial variance
Update with Ritz pair #7: variance is 70.23402% of the initial variance
Update with Ritz pair #8: variance is 68.62512% of the initial variance
Update with Ritz pair #9: variance is 66.89445% of the initial variance
Update with Ritz pair #10: variance is 65.25140% of the initial variance
Update with Ritz pair #11: variance is 63.02210% of the initial variance
Update with Ritz pair #12: variance is 61.69344% of the initial variance
Update with Ritz pair #13: variance is 60.22484% of the initial variance
Update with Ritz pair #14: variance is 58.25154% of the initial variance
Update with Ritz pair #15: variance is 56.12578% of the initial variance
Update with Ritz pair #16: variance is 54.82657% of the initial variance
