Norm of input parameter StdDev: 8.6752521577186208e+00
Member 0: 
Valid time: 2010-01-01T12:00:00Z
Quench geometry grid:
- name: structured
- size: 3763
Regional grid detected
Partitioner:
- type: checkerboard
Function space:
- type: StructuredColumns
- halo: 1
Groups: 
- Group 0:
  Vertical levels: 
  - number: 2
  - vert_coord: [1.0000000000000000e+00,2.0000000000000000e+00]
  Mask size: 100%
Fields:
  air_temperature: 2.1601362948220677e+00
Member 1: 
Valid time: 2010-01-01T12:00:00Z
Quench geometry grid:
- name: structured
- size: 3763
Regional grid detected
Partitioner:
- type: checkerboard
Function space:
- type: StructuredColumns
- halo: 1
Groups: 
- Group 0:
  Vertical levels: 
  - number: 2
  - vert_coord: [1.0000000000000000e+00,2.0000000000000000e+00]
  Mask size: 100%
Fields:
  air_temperature: 2.4603211091642954e+00
Member 2: 
Valid time: 2010-01-01T12:00:00Z
Quench geometry grid:
- name: structured
- size: 3763
Regional grid detected
Partitioner:
- type: checkerboard
Function space:
- type: StructuredColumns
- halo: 1
Groups: 
- Group 0:
  Vertical levels: 
  - number: 2
  - vert_coord: [1.0000000000000000e+00,2.0000000000000000e+00]
  Mask size: 100%
Fields:
  air_temperature: 1.0929368263080192e+01
Member 3: 
Valid time: 2010-01-01T12:00:00Z
Quench geometry grid:
- name: structured
- size: 3763
Regional grid detected
Partitioner:
- type: checkerboard
Function space:
- type: StructuredColumns
- halo: 1
Groups: 
- Group 0:
  Vertical levels: 
  - number: 2
  - vert_coord: [1.0000000000000000e+00,2.0000000000000000e+00]
  Mask size: 100%
Fields:
  air_temperature: 3.2168280383751373e+00
Member 4: 
Valid time: 2010-01-01T12:00:00Z
Quench geometry grid:
- name: structured
- size: 3763
Regional grid detected
Partitioner:
- type: checkerboard
Function space:
- type: StructuredColumns
- halo: 1
Groups: 
- Group 0:
  Vertical levels: 
  - number: 2
  - vert_coord: [1.0000000000000000e+00,2.0000000000000000e+00]
  Mask size: 100%
Fields:
  air_temperature: 3.2829078561769625e+00
Member 5: 
Valid time: 2010-01-01T12:00:00Z
Quench geometry grid:
- name: structured
- size: 3763
Regional grid detected
Partitioner:
- type: checkerboard
Function space:
- type: StructuredColumns
- halo: 1
Groups: 
- Group 0:
  Vertical levels: 
  - number: 2
  - vert_coord: [1.0000000000000000e+00,2.0000000000000000e+00]
  Mask size: 100%
Fields:
  air_temperature: 1.3503708071374650e+01
Member 6: 
Valid time: 2010-01-01T12:00:00Z
Quench geometry grid:
- name: structured
- size: 3763
Regional grid detected
Partitioner:
- type: checkerboard
Function space:
- type: StructuredColumns
- halo: 1
Groups: 
- Group 0:
  Vertical levels: 
  - number: 2
  - vert_coord: [1.0000000000000000e+00,2.0000000000000000e+00]
  Mask size: 100%
Fields:
  air_temperature: 6.9752170886454463e+00
Member 7: 
Valid time: 2010-01-01T12:00:00Z
Quench geometry grid:
- name: structured
- size: 3763
Regional grid detected
Partitioner:
- type: checkerboard
Function space:
- type: StructuredColumns
- halo: 1
Groups: 
- Group 0:
  Vertical levels: 
  - number: 2
  - vert_coord: [1.0000000000000000e+00,2.0000000000000000e+00]
  Mask size: 100%
Fields:
  air_temperature: 3.1167807473057847e+00
Member 8: 
Valid time: 2010-01-01T12:00:00Z
Quench geometry grid:
- name: structured
- size: 3763
Regional grid detected
Partitioner:
- type: checkerboard
Function space:
- type: StructuredColumns
- halo: 1
Groups: 
- Group 0:
  Vertical levels: 
  - number: 2
  - vert_coord: [1.0000000000000000e+00,2.0000000000000000e+00]
  Mask size: 100%
Fields:
  air_temperature: 2.5006758162672549e+00
Member 9: 
Valid time: 2010-01-01T12:00:00Z
Quench geometry grid:
- name: structured
- size: 3763
Regional grid detected
Partitioner:
- type: checkerboard
Function space:
- type: StructuredColumns
- halo: 1
Groups: 
- Group 0:
  Vertical levels: 
  - number: 2
  - vert_coord: [1.0000000000000000e+00,2.0000000000000000e+00]
  Mask size: 100%
Fields:
  air_temperature: 7.5580265100102917e+00
Member 10: 
Valid time: 2010-01-01T12:00:00Z
Quench geometry grid:
- name: structured
- size: 3763
Regional grid detected
Partitioner:
- type: checkerboard
Function space:
- type: StructuredColumns
- halo: 1
Groups: 
- Group 0:
  Vertical levels: 
  - number: 2
  - vert_coord: [1.0000000000000000e+00,2.0000000000000000e+00]
  Mask size: 100%
Fields:
  air_temperature: 8.5240021392396432e+00
Member 11: 
Valid time: 2010-01-01T12:00:00Z
Quench geometry grid:
- name: structured
- size: 3763
Regional grid detected
Partitioner:
- type: checkerboard
Function space:
- type: StructuredColumns
- halo: 1
Groups: 
- Group 0:
  Vertical levels: 
  - number: 2
  - vert_coord: [1.0000000000000000e+00,2.0000000000000000e+00]
  Mask size: 100%
Fields:
  air_temperature: 1.1699965276299999e+01
Member 12: 
Valid time: 2010-01-01T12:00:00Z
Quench geometry grid:
- name: structured
- size: 3763
Regional grid detected
Partitioner:
- type: checkerboard
Function space:
- type: StructuredColumns
- halo: 1
Groups: 
- Group 0:
  Vertical levels: 
  - number: 2
  - vert_coord: [1.0000000000000000e+00,2.0000000000000000e+00]
  Mask size: 100%
Fields:
  air_temperature: 8.5867868228743021e+00
Member 13: 
Valid time: 2010-01-01T12:00:00Z
Quench geometry grid:
- name: structured
- size: 3763
Regional grid detected
Partitioner:
- type: checkerboard
Function space:
- type: StructuredColumns
- halo: 1
Groups: 
- Group 0:
  Vertical levels: 
  - number: 2
  - vert_coord: [1.0000000000000000e+00,2.0000000000000000e+00]
  Mask size: 100%
Fields:
  air_temperature: 2.6282129054867447e+00
Member 14: 
Valid time: 2010-01-01T12:00:00Z
Quench geometry grid:
- name: structured
- size: 3763
Regional grid detected
Partitioner:
- type: checkerboard
Function space:
- type: StructuredColumns
- halo: 1
Groups: 
- Group 0:
  Vertical levels: 
  - number: 2
  - vert_coord: [1.0000000000000000e+00,2.0000000000000000e+00]
  Mask size: 100%
Fields:
  air_temperature: 5.1387699344370104e+00
Member 15: 
Valid time: 2010-01-01T12:00:00Z
Quench geometry grid:
- name: structured
- size: 3763
Regional grid detected
Partitioner:
- type: checkerboard
Function space:
- type: StructuredColumns
- halo: 1
Groups: 
- Group 0:
  Vertical levels: 
  - number: 2
  - vert_coord: [1.0000000000000000e+00,2.0000000000000000e+00]
  Mask size: 100%
Fields:
  air_temperature: 7.2483280024596226e+00
Member 16: 
Valid time: 2010-01-01T12:00:00Z
Quench geometry grid:
- name: structured
- size: 3763
Regional grid detected
Partitioner:
- type: checkerboard
Function space:
- type: StructuredColumns
- halo: 1
Groups: 
- Group 0:
  Vertical levels: 
  - number: 2
  - vert_coord: [1.0000000000000000e+00,2.0000000000000000e+00]
  Mask size: 100%
Fields:
  air_temperature: 1.0242254949745783e+01
Member 17: 
Valid time: 2010-01-01T12:00:00Z
Quench geometry grid:
- name: structured
- size: 3763
Regional grid detected
Partitioner:
- type: checkerboard
Function space:
- type: StructuredColumns
- halo: 1
Groups: 
- Group 0:
  Vertical levels: 
  - number: 2
  - vert_coord: [1.0000000000000000e+00,2.0000000000000000e+00]
  Mask size: 100%
Fields:
  air_temperature: 1.5383033457579716e+01
Member 18: 
Valid time: 2010-01-01T12:00:00Z
Quench geometry grid:
- name: structured
- size: 3763
Regional grid detected
Partitioner:
- type: checkerboard
Function space:
- type: StructuredColumns
- halo: 1
Groups: 
- Group 0:
  Vertical levels: 
  - number: 2
  - vert_coord: [1.0000000000000000e+00,2.0000000000000000e+00]
  Mask size: 100%
Fields:
  air_temperature: 8.6364715016689200e+00
Member 19: 
Valid time: 2010-01-01T12:00:00Z
Quench geometry grid:
- name: structured
- size: 3763
Regional grid detected
Partitioner:
- type: checkerboard
Function space:
- type: StructuredColumns
- halo: 1
Groups: 
- Group 0:
  Vertical levels: 
  - number: 2
  - vert_coord: [1.0000000000000000e+00,2.0000000000000000e+00]
  Mask size: 100%
Fields:
  air_temperature: 1.1715076476863914e+01
Member 20: 
Valid time: 2010-01-01T12:00:00Z
Quench geometry grid:
- name: structured
- size: 3763
Regional grid detected
Partitioner:
- type: checkerboard
Function space:
- type: StructuredColumns
- halo: 1
Groups: 
- Group 0:
  Vertical levels: 
  - number: 2
  - vert_coord: [1.0000000000000000e+00,2.0000000000000000e+00]
  Mask size: 100%
Fields:
  air_temperature: 1.2379817684739901e+01
Member 21: 
Valid time: 2010-01-01T12:00:00Z
Quench geometry grid:
- name: structured
- size: 3763
Regional grid detected
Partitioner:
- type: checkerboard
Function space:
- type: StructuredColumns
- halo: 1
Groups: 
- Group 0:
  Vertical levels: 
  - number: 2
  - vert_coord: [1.0000000000000000e+00,2.0000000000000000e+00]
  Mask size: 100%
Fields:
  air_temperature: 4.5312130876187345e-01
Member 22: 
Valid time: 2010-01-01T12:00:00Z
Quench geometry grid:
- name: structured
- size: 3763
Regional grid detected
Partitioner:
- type: checkerboard
Function space:
- type: StructuredColumns
- halo: 1
Groups: 
- Group 0:
  Vertical levels: 
  - number: 2
  - vert_coord: [1.0000000000000000e+00,2.0000000000000000e+00]
  Mask size: 100%
Fields:
  air_temperature: 8.1372551136765683e+00
Member 23: 
Valid time: 2010-01-01T12:00:00Z
Quench geometry grid:
- name: structured
- size: 3763
Regional grid detected
Partitioner:
- type: checkerboard
Function space:
- type: StructuredColumns
- halo: 1
Groups: 
- Group 0:
  Vertical levels: 
  - number: 2
  - vert_coord: [1.0000000000000000e+00,2.0000000000000000e+00]
  Mask size: 100%
Fields:
  air_temperature: 5.7122108975037413e+00
Member 24: 
Valid time: 2010-01-01T12:00:00Z
Quench geometry grid:
- name: structured
- size: 3763
Regional grid detected
Partitioner:
- type: checkerboard
Function space:
- type: StructuredColumns
- halo: 1
Groups: 
- Group 0:
  Vertical levels: 
  - number: 2
  - vert_coord: [1.0000000000000000e+00,2.0000000000000000e+00]
  Mask size: 100%
Fields:
  air_temperature: 5.7222141066934640e+00
Member 25: 
Valid time: 2010-01-01T12:00:00Z
Quench geometry grid:
- name: structured
- size: 3763
Regional grid detected
Partitioner:
- type: checkerboard
Function space:
- type: StructuredColumns
- halo: 1
Groups: 
- Group 0:
  Vertical levels: 
  - number: 2
  - vert_coord: [1.0000000000000000e+00,2.0000000000000000e+00]
  Mask size: 100%
Fields:
  air_temperature: 1.6680887075598527e+01
Member 26: 
Valid time: 2010-01-01T12:00:00Z
Quench geometry grid:
- name: structured
- size: 3763
Regional grid detected
Partitioner:
- type: checkerboard
Function space:
- type: StructuredColumns
- halo: 1
Groups: 
- Group 0:
  Vertical levels: 
  - number: 2
  - vert_coord: [1.0000000000000000e+00,2.0000000000000000e+00]
  Mask size: 100%
Fields:
  air_temperature: 2.1159449476432708e+00
Member 27: 
Valid time: 2010-01-01T12:00:00Z
Quench geometry grid:
- name: structured
- size: 3763
Regional grid detected
Partitioner:
- type: checkerboard
Function space:
- type: StructuredColumns
- halo: 1
Groups: 
- Group 0:
  Vertical levels: 
  - number: 2
  - vert_coord: [1.0000000000000000e+00,2.0000000000000000e+00]
  Mask size: 100%
Fields:
  air_temperature: 4.8549245329167467e+00
Member 28: 
Valid time: 2010-01-01T12:00:00Z
Quench geometry grid:
- name: structured
- size: 3763
Regional grid detected
Partitioner:
- type: checkerboard
Function space:
- type: StructuredColumns
- halo: 1
Groups: 
- Group 0:
  Vertical levels: 
  - number: 2
  - vert_coord: [1.0000000000000000e+00,2.0000000000000000e+00]
  Mask size: 100%
Fields:
  air_temperature: 1.1421936362305090e+01
Member 29: 
Valid time: 2010-01-01T12:00:00Z
Quench geometry grid:
- name: structured
- size: 3763
Regional grid detected
Partitioner:
- type: checkerboard
Function space:
- type: StructuredColumns
- halo: 1
Groups: 
- Group 0:
  Vertical levels: 
  - number: 2
  - vert_coord: [1.0000000000000000e+00,2.0000000000000000e+00]
  Mask size: 100%
Fields:
  air_temperature: 5.8216887583203274e+00
Member 30: 
Valid time: 2010-01-01T12:00:00Z
Quench geometry grid:
- name: structured
- size: 3763
Regional grid detected
Partitioner:
- type: checkerboard
Function space:
- type: StructuredColumns
- halo: 1
Groups: 
- Group 0:
  Vertical levels: 
  - number: 2
  - vert_coord: [1.0000000000000000e+00,2.0000000000000000e+00]
  Mask size: 100%
Fields:
  air_temperature: 5.9356323042488635e+00
Member 31: 
Valid time: 2010-01-01T12:00:00Z
Quench geometry grid:
- name: structured
- size: 3763
Regional grid detected
Partitioner:
- type: checkerboard
Function space:
- type: StructuredColumns
- halo: 1
Groups: 
- Group 0:
  Vertical levels: 
  - number: 2
  - vert_coord: [1.0000000000000000e+00,2.0000000000000000e+00]
  Mask size: 100%
Fields:
  air_temperature: 1.2766869669552598e+01
Member 32: 
Valid time: 2010-01-01T12:00:00Z
Quench geometry grid:
- name: structured
- size: 3763
Regional grid detected
Partitioner:
- type: checkerboard
Function space:
- type: StructuredColumns
- halo: 1
Groups: 
- Group 0:
  Vertical levels: 
  - number: 2
  - vert_coord: [1.0000000000000000e+00,2.0000000000000000e+00]
  Mask size: 100%
Fields:
  air_temperature: 8.1343588441708139e+00
Member 33: 
Valid time: 2010-01-01T12:00:00Z
Quench geometry grid:
- name: structured
- size: 3763
Regional grid detected
Partitioner:
- type: checkerboard
Function space:
- type: StructuredColumns
- halo: 1
Groups: 
- Group 0:
  Vertical levels: 
  - number: 2
  - vert_coord: [1.0000000000000000e+00,2.0000000000000000e+00]
  Mask size: 100%
Fields:
  air_temperature: 1.2097481981668553e+01
Member 34: 
Valid time: 2010-01-01T12:00:00Z
Quench geometry grid:
- name: structured
- size: 3763
Regional grid detected
Partitioner:
- type: checkerboard
Function space:
- type: StructuredColumns
- halo: 1
Groups: 
- Group 0:
  Vertical levels: 
  - number: 2
  - vert_coord: [1.0000000000000000e+00,2.0000000000000000e+00]
  Mask size: 100%
Fields:
  air_temperature: 1.2894217877423783e+01
Member 35: 
Valid time: 2010-01-01T12:00:00Z
Quench geometry grid:
- name: structured
- size: 3763
Regional grid detected
Partitioner:
- type: checkerboard
Function space:
- type: StructuredColumns
- halo: 1
Groups: 
- Group 0:
  Vertical levels: 
  - number: 2
  - vert_coord: [1.0000000000000000e+00,2.0000000000000000e+00]
  Mask size: 100%
Fields:
  air_temperature: 2.0382417878332273e+01
Member 36: 
Valid time: 2010-01-01T12:00:00Z
Quench geometry grid:
- name: structured
- size: 3763
Regional grid detected
Partitioner:
- type: checkerboard
Function space:
- type: StructuredColumns
- halo: 1
Groups: 
- Group 0:
  Vertical levels: 
  - number: 2
  - vert_coord: [1.0000000000000000e+00,2.0000000000000000e+00]
  Mask size: 100%
Fields:
  air_temperature: 8.9456486235816346e+00
Member 37: 
Valid time: 2010-01-01T12:00:00Z
Quench geometry grid:
- name: structured
- size: 3763
Regional grid detected
Partitioner:
- type: checkerboard
Function space:
- type: StructuredColumns
- halo: 1
Groups: 
- Group 0:
  Vertical levels: 
  - number: 2
  - vert_coord: [1.0000000000000000e+00,2.0000000000000000e+00]
  Mask size: 100%
Fields:
  air_temperature: 1.5921366830029836e+01
Member 38: 
Valid time: 2010-01-01T12:00:00Z
Quench geometry grid:
- name: structured
- size: 3763
Regional grid detected
Partitioner:
- type: checkerboard
Function space:
- type: StructuredColumns
- halo: 1
Groups: 
- Group 0:
  Vertical levels: 
  - number: 2
  - vert_coord: [1.0000000000000000e+00,2.0000000000000000e+00]
  Mask size: 100%
Fields:
  air_temperature: 9.3126579562592742e+00
Member 39: 
Valid time: 2010-01-01T12:00:00Z
Quench geometry grid:
- name: structured
- size: 3763
Regional grid detected
Partitioner:
- type: checkerboard
Function space:
- type: StructuredColumns
- halo: 1
Groups: 
- Group 0:
  Vertical levels: 
  - number: 2
  - vert_coord: [1.0000000000000000e+00,2.0000000000000000e+00]
  Mask size: 100%
Fields:
  air_temperature: 4.3192815461169189e+00
Member 40: 
Valid time: 2010-01-01T12:00:00Z
Quench geometry grid:
- name: structured
- size: 3763
Regional grid detected
Partitioner:
- type: checkerboard
Function space:
- type: StructuredColumns
- halo: 1
Groups: 
- Group 0:
  Vertical levels: 
  - number: 2
  - vert_coord: [1.0000000000000000e+00,2.0000000000000000e+00]
  Mask size: 100%
Fields:
  air_temperature: 1.8172890828390592e+01
Member 41: 
Valid time: 2010-01-01T12:00:00Z
Quench geometry grid:
- name: structured
- size: 3763
Regional grid detected
Partitioner:
- type: checkerboard
Function space:
- type: StructuredColumns
- halo: 1
Groups: 
- Group 0:
  Vertical levels: 
  - number: 2
  - vert_coord: [1.0000000000000000e+00,2.0000000000000000e+00]
  Mask size: 100%
Fields:
  air_temperature: 4.8418066314271098e+00
Member 42: 
Valid time: 2010-01-01T12:00:00Z
Quench geometry grid:
- name: structured
- size: 3763
Regional grid detected
Partitioner:
- type: checkerboard
Function space:
- type: StructuredColumns
- halo: 1
Groups: 
- Group 0:
  Vertical levels: 
  - number: 2
  - vert_coord: [1.0000000000000000e+00,2.0000000000000000e+00]
  Mask size: 100%
Fields:
  air_temperature: 7.0524134451240892e+00
Member 43: 
Valid time: 2010-01-01T12:00:00Z
Quench geometry grid:
- name: structured
- size: 3763
Regional grid detected
Partitioner:
- type: checkerboard
Function space:
- type: StructuredColumns
- halo: 1
Groups: 
- Group 0:
  Vertical levels: 
  - number: 2
  - vert_coord: [1.0000000000000000e+00,2.0000000000000000e+00]
  Mask size: 100%
Fields:
  air_temperature: 9.7111528216157659e+00
Member 44: 
Valid time: 2010-01-01T12:00:00Z
Quench geometry grid:
- name: structured
- size: 3763
Regional grid detected
Partitioner:
- type: checkerboard
Function space:
- type: StructuredColumns
- halo: 1
Groups: 
- Group 0:
  Vertical levels: 
  - number: 2
  - vert_coord: [1.0000000000000000e+00,2.0000000000000000e+00]
  Mask size: 100%
Fields:
  air_temperature: 7.7794059072114852e+00
Member 45: 
Valid time: 2010-01-01T12:00:00Z
Quench geometry grid:
- name: structured
- size: 3763
Regional grid detected
Partitioner:
- type: checkerboard
Function space:
- type: StructuredColumns
- halo: 1
Groups: 
- Group 0:
  Vertical levels: 
  - number: 2
  - vert_coord: [1.0000000000000000e+00,2.0000000000000000e+00]
  Mask size: 100%
Fields:
  air_temperature: 8.9588113104616607e+00
Member 46: 
Valid time: 2010-01-01T12:00:00Z
Quench geometry grid:
- name: structured
- size: 3763
Regional grid detected
Partitioner:
- type: checkerboard
Function space:
- type: StructuredColumns
- halo: 1
Groups: 
- Group 0:
  Vertical levels: 
  - number: 2
  - vert_coord: [1.0000000000000000e+00,2.0000000000000000e+00]
  Mask size: 100%
Fields:
  air_temperature: 2.2763629673106154e+00
Member 47: 
Valid time: 2010-01-01T12:00:00Z
Quench geometry grid:
- name: structured
- size: 3763
Regional grid detected
Partitioner:
- type: checkerboard
Function space:
- type: StructuredColumns
- halo: 1
Groups: 
- Group 0:
  Vertical levels: 
  - number: 2
  - vert_coord: [1.0000000000000000e+00,2.0000000000000000e+00]
  Mask size: 100%
Fields:
  air_temperature: 5.8935671987376503e+00
Member 48: 
Valid time: 2010-01-01T12:00:00Z
Quench geometry grid:
- name: structured
- size: 3763
Regional grid detected
Partitioner:
- type: checkerboard
Function space:
- type: StructuredColumns
- halo: 1
Groups: 
- Group 0:
  Vertical levels: 
  - number: 2
  - vert_coord: [1.0000000000000000e+00,2.0000000000000000e+00]
  Mask size: 100%
Fields:
  air_temperature: 5.1952046542242964e+00
Member 49: 
Valid time: 2010-01-01T12:00:00Z
Quench geometry grid:
- name: structured
- size: 3763
Regional grid detected
Partitioner:
- type: checkerboard
Function space:
- type: StructuredColumns
- halo: 1
Groups: 
- Group 0:
  Vertical levels: 
  - number: 2
  - vert_coord: [1.0000000000000000e+00,2.0000000000000000e+00]
  Mask size: 100%
Fields:
  air_temperature: 5.6217245092688186e+00
